#1 [internal] load local bake definitions
#1 reading from stdin 1.94kB done
#1 DONE 0.0s

#2 [internal] load build definition from Dockerfile
#2 transferring dockerfile: 1.32kB done
#2 DONE 0.0s

#3 [internal] load metadata for docker.io/library/nginx:1.25-alpine
#3 DONE 0.3s

#4 [internal] load metadata for docker.io/library/node:20-alpine
#4 DONE 0.3s

#5 [internal] load .dockerignore
#5 transferring context: 2B done
#5 DONE 0.0s

#6 [stage-1 1/3] FROM docker.io/library/nginx:1.25-alpine@sha256:516475cc129da42866742567714ddc681e5eed7b9ee0b9e9c015e464b4221a00
#6 resolve docker.io/library/nginx:1.25-alpine@sha256:516475cc129da42866742567714ddc681e5eed7b9ee0b9e9c015e464b4221a00 0.0s done
#6 CACHED

#7 [build 1/6] FROM docker.io/library/node:20-alpine@sha256:16858294071a56ffd4cce9f17b57136cc39e41507b40e245b4f8e906f7a19463
#7 resolve docker.io/library/node:20-alpine@sha256:16858294071a56ffd4cce9f17b57136cc39e41507b40e245b4f8e906f7a19463 0.0s done
#7 DONE 0.0s

#8 [build 2/6] WORKDIR /app
#8 CACHED

#9 [internal] load build context
#9 transferring context: 55.61kB 0.1s done
#9 DONE 0.1s

#10 [build 3/6] COPY package.json package-lock.json ./
#10 DONE 0.0s

#11 [build 4/6] RUN NODE_ENV=development npm install
#11 14.51 
#11 14.51 added 587 packages, and audited 588 packages in 14s
#11 14.51 
#11 14.51 103 packages are looking for funding
#11 14.51   run `npm fund` for details
#11 14.52 
#11 14.52 7 vulnerabilities (4 moderate, 3 high)
#11 14.52 
#11 14.52 To address issues that do not require attention, run:
#11 14.52   npm audit fix
#11 14.52 
#11 14.52 To address all issues possible (including breaking changes), run:
#11 14.52   npm audit fix --force
#11 14.52 
#11 14.52 Some issues need review, and may require choosing
#11 14.52 a different dependency.
#11 14.52 
#11 14.52 Run `npm audit` for details.
#11 14.52 npm notice
#11 14.52 npm notice New major version of npm available! 10.8.2 -> 11.6.4
#11 14.52 npm notice Changelog: https://github.com/npm/cli/releases/tag/v11.6.4
#11 14.52 npm notice To update run: npm install -g npm@11.6.4
#11 14.52 npm notice
#11 DONE 15.1s

#12 [build 5/6] COPY . .
#12 DONE 0.4s

#13 [build 6/6] RUN if [ "development" = "production" ]; then npm run build; else npm run build:dev; fi
#13 0.298 
#13 0.298 > vite_react_shadcn_ts@0.0.0 build:dev
#13 0.298 > vite build --mode development
#13 0.298 
#13 0.460 vite v5.4.19 building for development...
#13 0.501 transforming...
